// Jest Snapshot v1, https://goo.gl/fbAQLP

exports[`App renders correctly 1`] = `
<div
  className="App"
>
  <h1>
    Hello, Sam!
  </h1>
  <p
    id="welcome"
  >
    Welcome to my React app.
  </p>
</div>
`;
