// Jest Snapshot v1, https://goo.gl/fbAQLP

exports[`NewApp renders correctly 1`] = `
<div
  className="NewApp"
>
  <h1
    onClick={[Function]}
  >
    Here's another heading!
  </h1>
  <p>
    Here is a final paragraph.
  </p>
</div>
`;
